// Jest Snapshot v1, https://goo.gl/fbAQLP

exports[`renders the UI as expected 1`] = `
<form
  className="edit-race"
  onSubmit={[Function]}
>
  <label
    htmlFor="name"
  >
    Race name
  </label>
  <input
    name="name"
    required={true}
    type="text"
  />
  <label
    htmlFor="date"
  >
    Race Date
  </label>
  <input
    name="date"
    required={true}
    type="date"
  />
  <label
    htmlFor="city"
  >
    City
  </label>
  <input
    name="city"
    required={true}
    type="text"
  />
  <label
    htmlFor="state"
  >
    State
  </label>
  <select
    id="state"
    name="state"
    onChange={[Function]}
    required={true}
    size="1"
  >
    <optgroup
      label="state"
    >
      <option
        value="AL"
      >
        AL
      </option>
      <option
        value="AK"
      >
        AK
      </option>
      <option
        value="AZ"
      >
        AZ
      </option>
      <option
        value="AR"
      >
        AR
      </option>
      <option
        value="CA"
      >
        CA
      </option>
      <option
        value="CO"
      >
        CO
      </option>
      <option
        value="CT"
      >
        CT
      </option>
      <option
        value="DE"
      >
        DE
      </option>
      <option
        value="FL"
      >
        FL
      </option>
      <option
        value="GA"
      >
        GA
      </option>
      <option
        value="HI"
      >
        HI
      </option>
      <option
        value="ID"
      >
        ID
      </option>
      <option
        value="IL"
      >
        IL
      </option>
      <option
        value="IN"
      >
        IN
      </option>
      <option
        value="IA"
      >
        IA
      </option>
      <option
        value="KS"
      >
        KS
      </option>
      <option
        value="KY"
      >
        KY
      </option>
      <option
        value="LA"
      >
        LA
      </option>
      <option
        value="ME"
      >
        ME
      </option>
      <option
        value="MD"
      >
        MD
      </option>
      <option
        value="MA"
      >
        MA
      </option>
      <option
        value="MI"
      >
        MI
      </option>
      <option
        value="MN"
      >
        MN
      </option>
      <option
        value="MS"
      >
        MS
      </option>
      <option
        value="MO"
      >
        MO
      </option>
      <option
        value="MT"
      >
        MT
      </option>
      <option
        value="NE"
      >
        NE
      </option>
      <option
        value="NV"
      >
        NV
      </option>
      <option
        value="NH"
      >
        NH
      </option>
      <option
        value="NJ"
      >
        NJ
      </option>
      <option
        value="NM"
      >
        NM
      </option>
      <option
        value="NY"
      >
        NY
      </option>
      <option
        value="NC"
      >
        NC
      </option>
      <option
        value="ND"
      >
        ND
      </option>
      <option
        value="OH"
      >
        OH
      </option>
      <option
        value="OK"
      >
        OK
      </option>
      <option
        value="OR"
      >
        OR
      </option>
      <option
        value="PA"
      >
        PA
      </option>
      <option
        value="RI"
      >
        RI
      </option>
      <option
        value="SC"
      >
        SC
      </option>
      <option
        value="SD"
      >
        SD
      </option>
      <option
        value="TN"
      >
        TN
      </option>
      <option
        value="TX"
      >
        TX
      </option>
      <option
        value="UT"
      >
        UT
      </option>
      <option
        value="VT"
      >
        VT
      </option>
      <option
        value="VA"
      >
        VA
      </option>
      <option
        value="WA"
      >
        WA
      </option>
      <option
        value="WV"
      >
        WV
      </option>
      <option
        value="WI"
      >
        WI
      </option>
      <option
        value="WY"
      >
        WY
      </option>
    </optgroup>
  </select>
  <label
    htmlFor="time"
  >
    Race Time
  </label>
  <input
    name="time"
    required={true}
    type="time"
  />
  <label
    htmlFor="distance"
  >
    Race Distance
  </label>
  <input
    name="distance"
    type="text"
  />
  <button
    className="submit"
    type="submit"
  >
    Edit Race
  </button>
  <button
    className="submit"
    onClick={[Function]}
    type="button"
  >
    Back
  </button>
</form>
`;
