// Jest Snapshot v1, https://goo.gl/fbAQLP

exports[`renders the UI as expected 1`] = `
<div>
  <p
    className="race-info"
  />
  <p>
    No results have been posted for this event.
  </p>
  <button
    onClick={[Function]}
  >
    Back
  </button>
</div>
`;
