// Jest Snapshot v1, https://goo.gl/fbAQLP

exports[`renders the UI as expected 1`] = `
<div
  className="about-view"
>
  <h1>
    Race Director
  </h1>
  <p>
    Welcome to the Race Director App.  Register to begin creating races with some basic information.
  </p>
  <p>
    Go to My Races to manage your races and results. Go to Races to search for races by name.
  </p>
  <p>
    To try out a demo, click 'Go': 
    <button
      onClick={[Function]}
    >
      Go
    </button>
  </p>
</div>
`;
